SOURCELONG:My Pathfinder Campaign	SOURCESHORT:MPC	SOURCEWEB:http://www.mywebsite.com	SOURCEDATE:2008-01

CATEGORY=Internal|Pathwalker ~ Disciplines.MOD				DEFINE:SleepingGoddessPathwalkerDiscipline|0		ABILITY:Internal|AUTOMATIC|Pathwalker Discipline ~ Sleeping Goddess|PREVARGTEQ:SleepingGoddessPathwalkerDiscipline,1		BONUS:VAR|SleepingGoddessPathwalkerDiscipline|1

Sleeping Goddess (Pathwalker)		KEY:Pathwalker Discipline ~ Sleeping Goddess		CATEGORY:Internal		TYPE:InitiatingDiscipline	ABILITY:Internal|AUTOMATIC|Sleeping Goddess Power Points|PRESPELLSCHOOL:1,Sleeping Goddess=1		SPELLLEVEL:CLASS|Pathwalker=1|Body of Delusion,Harmony-shattering Strike

Sleeping Goddess Power Points		CATEGORY:Internal		DEFINE:SleepingGoddessHighestLVL|0		DEFINE:SleepingGoddessManeuverCount|0		BONUS:VAR|BonusPowerPoints|SleepingGoddessHighestLVL+SleepingGoddessManeuverCount-1		BONUS:VAR|SleepingGoddessHighestLVL|1|TYPE=NoStack|PRESPELLSCHOOL:1,Sleeping Goddess=1		BONUS:VAR|SleepingGoddessManeuverCount|1|PRESPELLSCHOOL:1,Sleeping Goddess=1		BONUS:VAR|SleepingGoddessManeuverCount|1|PRESPELLSCHOOL:2,Sleeping Goddess=1
